// Jest Snapshot v1, https://goo.gl/fbAQLP

exports[`coblocks/alert should render with background color 1`] = `
"<!-- wp:coblocks/alert {\\"backgroundColor\\":\\"#111111\\"} -->
<div class=\\"wp-block-coblocks-alert has-background has-111111-background-color\\"></div>
<!-- /wp:coblocks/alert -->"
`;

exports[`coblocks/alert should render with content 1`] = `
"<!-- wp:coblocks/alert -->
<div class=\\"wp-block-coblocks-alert\\"><p class=\\"wp-block-coblocks-alert__title\\">Alert title</p><p class=\\"wp-block-coblocks-alert__text\\">Alert description</p></div>
<!-- /wp:coblocks/alert -->"
`;

exports[`coblocks/alert should render with custom background color 1`] = `
"<!-- wp:coblocks/alert {\\"customBackgroundColor\\":\\"#111111\\"} -->
<div class=\\"wp-block-coblocks-alert has-background\\" style=\\"background-color:#111111\\"></div>
<!-- /wp:coblocks/alert -->"
`;

exports[`coblocks/alert should render with custom classes for styles 1`] = `
"<!-- wp:coblocks/alert {\\"className\\":\\"is-style-info\\"} -->
<div class=\\"wp-block-coblocks-alert is-style-info\\"></div>
<!-- /wp:coblocks/alert -->"
`;

exports[`coblocks/alert should render with custom classes for styles 2`] = `
"<!-- wp:coblocks/alert {\\"className\\":\\"is-style-success\\"} -->
<div class=\\"wp-block-coblocks-alert is-style-success\\"></div>
<!-- /wp:coblocks/alert -->"
`;

exports[`coblocks/alert should render with custom classes for styles 3`] = `
"<!-- wp:coblocks/alert {\\"className\\":\\"is-style-warning\\"} -->
<div class=\\"wp-block-coblocks-alert is-style-warning\\"></div>
<!-- /wp:coblocks/alert -->"
`;

exports[`coblocks/alert should render with custom classes for styles 4`] = `
"<!-- wp:coblocks/alert {\\"className\\":\\"is-style-error\\"} -->
<div class=\\"wp-block-coblocks-alert is-style-error\\"></div>
<!-- /wp:coblocks/alert -->"
`;

exports[`coblocks/alert should render with text align 1`] = `
"<!-- wp:coblocks/alert {\\"textAlign\\":\\"left\\"} -->
<div class=\\"wp-block-coblocks-alert has-text-align-left\\"></div>
<!-- /wp:coblocks/alert -->"
`;

exports[`coblocks/alert should render with text align 2`] = `
"<!-- wp:coblocks/alert {\\"textAlign\\":\\"center\\"} -->
<div class=\\"wp-block-coblocks-alert has-text-align-center\\"></div>
<!-- /wp:coblocks/alert -->"
`;

exports[`coblocks/alert should render with text align 3`] = `
"<!-- wp:coblocks/alert {\\"textAlign\\":\\"right\\"} -->
<div class=\\"wp-block-coblocks-alert has-text-align-right\\"></div>
<!-- /wp:coblocks/alert -->"
`;

exports[`coblocks/alert should render with text color 1`] = `
"<!-- wp:coblocks/alert {\\"textColor\\":\\"primary\\"} -->
<div class=\\"wp-block-coblocks-alert has-text-color has-primary-color\\"></div>
<!-- /wp:coblocks/alert -->"
`;
